[debug] [2026-05-17T11:10:03.367Z] ----------------------------------------------------------------------
[debug] [2026-05-17T11:10:03.369Z] Command:       C:\Program Files\nodejs\node.exe C:\Users\arnav\AppData\Roaming\npm\node_modules\firebase-tools\lib\bin\firebase.js projects:create
[debug] [2026-05-17T11:10:03.369Z] CLI Version:   15.18.0
[debug] [2026-05-17T11:10:03.369Z] Platform:      win32
[debug] [2026-05-17T11:10:03.369Z] Node Version:  v24.14.1
[debug] [2026-05-17T11:10:03.370Z] Time:          Sun May 17 2026 16:40:03 GMT+0530 (India Standard Time)
[debug] [2026-05-17T11:10:03.370Z] ----------------------------------------------------------------------
[debug] 
[debug] [2026-05-17T11:10:03.555Z] > command requires scopes: ["email","openid","https://www.googleapis.com/auth/cloudplatformprojects.readonly","https://www.googleapis.com/auth/firebase","https://www.googleapis.com/auth/cloud-platform"]
[debug] [2026-05-17T11:10:03.555Z] > authorizing via signed-in user (arnavsawant.as@gmail.com)
[debug] [2026-05-17T11:10:14.142Z] ExitPromptError: User force closed the prompt with SIGINT
    at Interface.sigint (C:\Users\arnav\AppData\Roaming\npm\node_modules\firebase-tools\node_modules\@inquirer\core\dist\commonjs\lib\create-prompt.js:101:37)
    at Interface.emit (node:events:508:28)
    at [_ttyWrite] [as _ttyWrite] (node:internal/readline/interface:1327:18)
    at ReadStream.onkeypress (node:internal/readline/interface:284:20)
    at ReadStream.emit (node:events:520:35)
    at emitKeys (node:internal/readline/utils:371:14)
    at emitKeys.next (<anonymous>)
    at ReadStream.onData (node:internal/readline/emitKeypressEvents:64:36)
    at ReadStream.emit (node:events:508:28)
    at addChunk (node:internal/streams/readable:563:12)
[error] 
[error] Error: An unexpected error has occurred.
